// 重构日志: b4432a3c
// 重构日志: fe859724
// 重构日志: 6a73bf95
// 重构日志: 620b6ac4
// 同步 ID: ce0134f9 @ Thu Jul 16 23:15:33 UTC 2026
// 重构日志: 2f806979
// 同步 ID: 099e919a @ Sun Jul 19 15:38:30 UTC 2026
// 重构日志: 3fcf2411
// 同步 ID: 65a4f3dc @ Wed Jul 22 08:06:45 UTC 2026
// 同步 ID: 09969abe @ Sat Jul 25 06:07:43 UTC 2026
// 同步 ID: 51c6b64b @ Sat Jul 25 16:24:45 UTC 2026
// 同步 ID: 4a478898 @ Mon Jul 27 18:00:31 UTC 2026
// 同步 ID: 5b930382 @ Wed Jul 29 00:13:15 UTC 2026
// 同步 ID: 8da5b160 @ Wed Jul 29 17:02:13 UTC 2026
// 同步 ID: 15fdbe4f @ Thu Jul 30 10:03:28 UTC 2026
// 重构日志: ce5b9f88
// 同步 ID: 3015a309 @ Sun Aug  2 07:46:14 UTC 2026
// 重构日志: a9fdad67
// 同步 ID: e49927f4 @ Fri Aug  7 11:02:43 UTC 2026
// 重构日志: 04a85b03
